// Jest Snapshot v1, https://goo.gl/fbAQLP

exports[`ProjectLink Displays the link to a project 1`] = `
<div
  class="switch-to-projects-project"
  data-test="switch-to-projects-project"
>
  <a
    class="switch-to-projects-project-link"
    data-test="project-link"
    href="/projects/gpig"
  >
    <i
      class="fas fa-fw switch-to-projects-project-icon fa-lock-open"
    />
     
    <span
      class="switch-to-projects-project-label"
    >
      <span
        class="switch-to-projects-project-label-icon"
      >
        
                üêπ
            
      </span>
       
      <word-highlighter-stub
        highlightclass="tlp-mark-on-dark-background"
        highlightstyle=""
        highlighttag="mark"
        query=""
        texttohighlight=""
        wrapperclass=""
        wrappertag="span"
      >
        
                Guinea Pig
            
      </word-highlighter-stub>
    </span>
  </a>
   
  <!---->
</div>
`;
