// Jest Snapshot v1, https://goo.gl/fbAQLP

exports[`ProjectApproval - Spawns the ProjectApproval component 1`] = `
<div class="empty-state-page">
  <div class="empty-state-illustration">
    <project-approval-svg-stub></project-approval-svg-stub>
  </div>
  <div class="empty-state-text-with-small-text"><span data-msgid="
            Your project has been submitted to the administrators for validation
        " data-current-language="en_US">
            Your project has been submitted to the administrators for validation
        </span>
    <div class="empty-state-text-small"><b>You will receive an email</b> when the administrator has validated it.</div>
  </div>
  <div><a href="/my/" class="tlp-button-primary tlp-button-large"><i class="fa fa-reply tlp-button-icon"></i> <span data-msgid="Go to my home page" data-current-language="en_US">Go to my home page</span></a></div>
</div>
`;
