// Vitest Snapshot v1

exports[`plugin-po-gettext > transform > converts .PO files 1`] = `
{
  "code": "export var charset = \\"utf-8\\";
export var headers = undefined;
export var translations = {
	\\"\\": {
		Cancel: {
			msgid: \\"Cancel\\",
			msgstr: [
				\\"Annuler\\"
			]
		}
	}
};
export default {
	charset: charset,
	headers: headers,
	translations: translations
};
",
}
`;
