// Jest Snapshot v1, https://goo.gl/fbAQLP

exports[`GlobalEmptyState Display an empty state 1`] = `
<section
  class="empty-state-pane switch-to-modal-body-global-empty"
>
  <global-empty-state-svg-stub />
  <p
    class="empty-state-text empty-state-text-smaller switch-to-modal-body-global-empty-text"
  >
    You don’t belong to any project or haven’t viewed anything yet
  </p>
  <trove-cat-link-stub
    class="tlp-button-secondary switch-to-projects-softwaremap-empty-state empty-state-action"
  />
</section>
`;
