// Jest Snapshot v1, https://goo.gl/fbAQLP

exports[`NoContentEmptyState displays a cell that span on the whole table 1`] = `
<div
  class="empty-state-page"
>
  <div
    class="empty-state-illustration"
  >
    <!---->
  </div>
   
  <translate-stub
    class="empty-state-text"
    tag="p"
  >
    This taskboard is empty
  </translate-stub>
</div>
`;
