// Jest Snapshot v1, https://goo.gl/fbAQLP

exports[`CriterionTitle should render the component 1`] = `
<div
  class="tlp-form-element document-search-criterion document-search-criterion-text"
>
  <label
    class="tlp-label"
    data-current-language="en_US"
    data-msgid="Title"
    for="document-title"
  >
    Title
  </label>
   
  <input
    class="tlp-input"
    data-test="global-search"
    id="document-title"
    type="text"
  />
</div>
`;
