// Jest Snapshot v1, https://goo.gl/fbAQLP

exports[`DependencyArrow Displays a down left arrow 1`] = `
<svg class="roadmap-gantt-task-dependency" style="left: 13px; top: 4px; height: 76px; width: 87px;">
  <path d="M70 17 L78 17 Q86 17, 86 25 L86 30 Q86 38, 78 38 L9 38 Q1 38, 1 46 L1 51 Q1 59, 9 59
            L17 59
            L12 54
            M17 59
            L12 64" class="roadmap-gantt-task-dependency-line roadmap-gantt-task-dependency-line-ends-after-start"></path>
</svg>
`;

exports[`DependencyArrow Displays a down right arrow 1`] = `
<svg class="roadmap-gantt-task-dependency" style="left: 33px; top: 4px; height: 76px; width: 47px;">
  <path d="M17 17 L25 17 Q33 17, 33 25 L33 30 Q33 38, 25 38 L9 38 Q1 38, 1 46 L1 51 Q1 59, 9 59
            L30 59
            L25 54
            M30 59
            L25 64" class="roadmap-gantt-task-dependency-line"></path>
</svg>
`;

exports[`DependencyArrow Displays an up left arrow 1`] = `
<svg class="roadmap-gantt-task-dependency" style="left: 13px; top: -38px; height: 76px; width: 87px;">
  <path d="M70 59 L78 59 Q86 59, 86 51 L86 46 Q86 38, 78 38 L9 38 Q1 38, 1 30 L1 25 Q1 17, 9 17
            L17 17
            L12 12
            M17 17
            L12 22" class="roadmap-gantt-task-dependency-line roadmap-gantt-task-dependency-line-ends-after-start"></path>
</svg>
`;

exports[`DependencyArrow Displays an up right arrow 1`] = `
<svg class="roadmap-gantt-task-dependency" style="left: 33px; top: -38px; height: 76px; width: 47px;">
  <path d="M17 59 L25 59 Q33 59, 33 51 L33 46 Q33 38, 25 38 L9 38 Q1 38, 1 30 L1 25 Q1 17, 9 17
            L30 17
            L25 12
            M30 17
            L25 22" class="roadmap-gantt-task-dependency-line"></path>
</svg>
`;
