// Jest Snapshot v1, https://goo.gl/fbAQLP

exports[`BoardWithoutAnyColumnsError is displays misconfiguration error for regular user 1`] = `
<div
  class="empty-state-page"
>
  <div
    class="empty-state-illustration"
  >
    <!---->
  </div>
   
  <div
    class="empty-state-text-with-small-text"
  >
    <translate-stub
      tag="span"
    >
      This taskboard is not ready to be used
    </translate-stub>
     
    <div
      class="empty-state-text-small"
    >
      <translate-stub
        tag="span"
      >
        
                Your project administrator needs to finish the planning configuration
            
      </translate-stub>
    </div>
  </div>
</div>
`;
